// Jest Snapshot v1, https://goo.gl/fbAQLP

exports[`works with snapshots 1`] = `"one"`;
